[Licensing::Module] Trying to connect to existing licensing client channel...
Built from '6000.5/staging' branch; Version is '6000.5.7f1 (017862109af0) revision 96354'; Using compiler version '194234433'; Build Type 'Release'
[Licensing::IpcConnector] Successfully connected to: "LicenseClient-47694" at "2026-08-10T06:14:10.9146616Z"
OS: 'Windows 11  (10.0.26200) Professional' Language: 'zh' Physical Memory: 65456 MB
BatchMode: 1, IsHumanControllingUs: 0, StartBugReporterOnCrash: 0, Is64bit: 1
System  architecture: x64
Process architecture: x64
Date: 2026-08-10T06:14:10Z
[Licensing::Client] Code 10 while verifying Licensing Client signature (process Id: 24268, path: "C:/Program Files/Unity 6000.5.7f1/Editor/Data/Resources/Licensing/Client/Unity.Licensing.Client.exe")
[Licensing::Module] LicensingClient has failed validation; ignoring
[Licensing::Client] Handshaking with LicensingClient:
  Version:                 1.18.1+9fbee8e
  Session Id:              3517f0370b3d4238a3047859f09e8b23
  Correlation Id:          6dea5e4a31ff5246dd708970ffd9c95d
  External correlation Id: 6538568784192011450
  Machine Id:              p2ebsrCQBEwD3gNZicbTzamtJYg=
[Licensing::Module] Successfully connected to LicensingClient on channel: "LicenseClient-47694" (connect: 0.00s, validation: 0.00s, handshake: 0.05s)
[Licensing::IpcConnector] Successfully connected to: "LicenseClient-47694-notifications" at "2026-08-10T06:14:10.9663413Z"
[Licensing::Module] Error: Access token is unavailable; failed to update
[Licensing::Client] Successfully resolved entitlement details
[Licensing::Module] License group:
  Id: F4-ADP9-KV3M-F9DZ-ES2D-XXXX
  Product: Unity Personal
  Type: ULF
  Expiration: 2026-08-19T02:31:47Z
[Licensing::Client] Successfully updated license, isAsync: True, time: 0.00
[Licensing::Client] Successfully resolved entitlement details
[Licensing::Module] Licensing Background thread has ended after 0.06s

COMMAND LINE ARGUMENTS:
C:\Program Files\Unity 6000.5.7f1\Editor\Unity.exe
-batchmode
-nographics
-projectPath
C:\tmp\KimodoUnityBridge-Verify-6000.5.7f1-20260810-140753
-quit
-logFile
C:\tmp\KimodoUnityBridge-Verify-6000.5.7f1-20260810-140753-harness-compile.log
Successfully changed project path to: C:\tmp\KimodoUnityBridge-Verify-6000.5.7f1-20260810-140753
C:/tmp/KimodoUnityBridge-Verify-6000.5.7f1-20260810-140753
[UnityMemory] Configuration Parameters - Can be set up in boot.config
    "memorysetup-temp-allocator-size-gi-baking-worker=262144"
    "memorysetup-temp-allocator-size-gi-baking-worker=262144"
    "memorysetup-temp-allocator-size-gi-baking-worker=262144"
    "memorysetup-temp-allocator-size-gi-baking-worker=262144"
    "memorysetup-temp-allocator-size-gi-baking-worker=262144"
    "memorysetup-temp-allocator-size-nav-mesh-worker=65536"
    "memorysetup-temp-allocator-size-audio-worker=65536"
    "memorysetup-temp-allocator-size-cloud-worker=32768"
    "memorysetup-temp-allocator-size-gfx=262144"
    "memorysetup-temp-allocator-size-preload-manager=33554432"
    "memorysetup-allocator-temp-initial-block-size-main=262144"
    "memorysetup-allocator-temp-initial-block-size-worker=262144"
    "memorysetup-temp-allocator-size-job-worker=262144"
    "memorysetup-temp-allocator-size-background-worker=32768"
    "memorysetup-bucket-allocator-granularity=16"
    "memorysetup-bucket-allocator-bucket-count=8"
    "memorysetup-bucket-allocator-block-size=33554432"
    "memorysetup-bucket-allocator-block-count=8"
    "memorysetup-main-allocator-block-size=16777216"
    "memorysetup-thread-allocator-block-size=16777216"
    "memorysetup-main-allocator-mimalloc-enabled=0"
    "memorysetup-gfx-main-allocator-block-size=16777216"
    "memorysetup-gfx-thread-allocator-block-size=16777216"
    "memorysetup-cache-allocator-block-size=4194304"
    "memorysetup-typetree-allocator-block-size=2097152"
    "memorysetup-profiler-bucket-allocator-granularity=16"
    "memorysetup-profiler-bucket-allocator-bucket-count=8"
    "memorysetup-profiler-bucket-allocator-block-size=33554432"
    "memorysetup-profiler-bucket-allocator-block-count=8"
    "memorysetup-profiler-allocator-block-size=16777216"
    "memorysetup-profiler-editor-allocator-block-size=1048576"
    "memorysetup-temp-allocator-size-main=16777216"
    "memorysetup-job-temp-allocator-block-size=2097152"
    "memorysetup-job-temp-allocator-block-size-background=1048576"
    "memorysetup-job-temp-allocator-reduction-small-platforms=262144"
Logging is directed to a specific file, skipping project log.Player connection [33508]  Target information:

Player connection [33508]  * "[IP] 192.168.71.100 [Port] 55507 [Flags] 2 [Guid] 2959883488 [EditorId] 2959883488 [Version] 1048832 [Id] WindowsEditor(7,VNO2) [Debug] 1 [PackageName] WindowsEditor [ProjectName] Editor" 

Player connection [33508]  * "[IP] 198.18.0.1 [Port] 55507 [Flags] 2 [Guid] 2959883488 [EditorId] 2959883488 [Version] 1048832 [Id] WindowsEditor(7,VNO2) [Debug] 1 [PackageName] WindowsEditor [ProjectName] Editor" 

Player connection [33508] Host joined multi-casting on [225.0.0.222:54997]...
Player connection [33508] Host joined alternative multi-casting on [225.0.0.222:34997]...
Input System module state changed to: Initialized.
[Physics::Module] Initialized fallback backend.
[Physics::Module] Id: 0xdecafbad
[Package Manager] Connected to IPC stream "Upm-83812" after 0.2 seconds.
[Licensing::Client] Successfully resolved entitlement details
Library Redirect Path: Library/
[Physics::Module] Selected backend.
[Physics::Module] Name: PhysX
[Physics::Module] Id: 0xf2b8ea05
[Physics::Module] SDK Version: 4.1.2
[Physics::Module] Integration Version: 1.0.0
[Physics::Module] Threading Mode: Multi-Threaded
Artifact Garbage Collection - Removed 95 unused hashed content files
Initialize engine version: 6000.5.7f1 (017862109af0)
[Subsystems] Discovering subsystems at path C:/Program Files/Unity 6000.5.7f1/Editor/Data/Resources/UnitySubsystems
[Subsystems] Discovering subsystems at path C:/tmp/KimodoUnityBridge-Verify-6000.5.7f1-20260810-140753/Assets
Forcing GfxDevice: Null
GfxDevice: creating device client; kGfxThreadingModeNonThreaded
NullGfxDevice:
    Version:  NULL 1.0 [1.0]
    Renderer: Null Device
    Vendor:   Unity Technologies
Initialize mono
Mono path[0] = 'C:/Program Files/Unity 6000.5.7f1/Editor/Data/Managed'
Mono path[1] = 'C:/Program Files/Unity 6000.5.7f1/Editor/Data/BCLExtensions/runtime/netstandard2.1'
Mono path[2] = 'C:/Program Files/Unity 6000.5.7f1/Editor/Data/MonoBleedingEdge/lib/mono/unityjit-win32'
Mono config path = 'C:/Program Files/Unity 6000.5.7f1/Editor/Data/MonoBleedingEdge/etc'
Using monoOptions --debugger-agent=transport=dt_socket,embedding=1,server=y,suspend=n,address=127.0.0.1:56812
CodeReloadManager initialized
ImportWorker Server TCP listen port: 0
AcceleratorClientConnectionCallback - disconnected - :0
Begin MonoManager ReloadAssembly
Registering precompiled unity dll's ...
Register platform support module: C:/Program Files/Unity 6000.5.7f1/Editor/Data/PlaybackEngines/WindowsStandaloneSupport/UnityEditor.WindowsStandalone.Extensions.dll
Registered in 0.002620 seconds.
Native extension for WindowsStandalone target not found
Package Manager log level set to [2]
ScheduleIndexationOnStartup MainProcess:False IndexOnStartup:False
Mono: successfully reloaded assembly
- Finished resetting the current domain, in  0.411 seconds
Domain Reload Profiling: 936ms
	BeginReloadAssembly (122ms)
		CreateAndSetChildDomain (10ms)
	RebuildCommonClasses (5ms)
	RebuildNativeTypeToScriptingClass (15ms)
	initialDomainReloadingComplete (93ms)
	LoadAllAssembliesAndSetupDomain (287ms)
		LoadAssemblies (104ms)
		AnalyzeDomain (201ms)
			TypeCache.Refresh (200ms)
				TypeCache.ScanAssembly (186ms)
	FinalizeReload (414ms)
		SetupLoadedEditorAssemblies (0ms)
			BeforeProcessingInitializeOnLoad (96ms)
			ProcessInitializeOnLoadAttributes (98ms)
			ProcessInitializeOnLoadMethodAttributes (139ms)
[Licensing::Client] Successfully resolved entitlement details
Application.AssetDatabase Initial Refresh Start
[Package Manager] Restoring resolved packages state from cache
[Licensing::Client] Successfully resolved entitlement details
[Package Manager] Registered 40 packages:
  Packages from [https://packages.unity.com]:
    com.unity.nuget.newtonsoft-json@3.2.2 (location: C:\tmp\KimodoUnityBridge-Verify-6000.5.7f1-20260810-140753\Library\PackageCache\com.unity.nuget.newtonsoft-json@4dfd81071c64)
    com.unity.timeline@1.8.12 (location: C:\tmp\KimodoUnityBridge-Verify-6000.5.7f1-20260810-140753\Library\PackageCache\com.unity.timeline@8cd8509afae5)
  Built-in packages:
    com.unity.multiplayer.center@1.0.1 (location: C:\tmp\KimodoUnityBridge-Verify-6000.5.7f1-20260810-140753\Library\PackageCache\com.unity.multiplayer.center@b860850997d0)
    com.unity.modules.accessibility@1.0.0 (location: C:\tmp\KimodoUnityBridge-Verify-6000.5.7f1-20260810-140753\Library\PackageCache\com.unity.modules.accessibility)
    com.unity.modules.adaptiveperformance@1.0.0 (location: C:\tmp\KimodoUnityBridge-Verify-6000.5.7f1-20260810-140753\Library\PackageCache\com.unity.modules.adaptiveperformance)
    com.unity.modules.ai@1.0.0 (location: C:\tmp\KimodoUnityBridge-Verify-6000.5.7f1-20260810-140753\Library\PackageCache\com.unity.modules.ai)
    com.unity.modules.androidjni@1.0.0 (location: C:\tmp\KimodoUnityBridge-Verify-6000.5.7f1-20260810-140753\Library\PackageCache\com.unity.modules.androidjni)
    com.unity.modules.animation@1.0.0 (location: C:\tmp\KimodoUnityBridge-Verify-6000.5.7f1-20260810-140753\Library\PackageCache\com.unity.modules.animation)
    com.unity.modules.assetbundle@1.0.0 (location: C:\tmp\KimodoUnityBridge-Verify-6000.5.7f1-20260810-140753\Library\PackageCache\com.unity.modules.assetbundle)
    com.unity.modules.audio@1.0.0 (location: C:\tmp\KimodoUnityBridge-Verify-6000.5.7f1-20260810-140753\Library\PackageCache\com.unity.modules.audio)
    com.unity.modules.cloth@1.0.0 (location: C:\tmp\KimodoUnityBridge-Verify-6000.5.7f1-20260810-140753\Library\PackageCache\com.unity.modules.cloth)
    com.unity.modules.director@1.0.0 (location: C:\tmp\KimodoUnityBridge-Verify-6000.5.7f1-20260810-140753\Library\PackageCache\com.unity.modules.director)
    com.unity.modules.imageconversion@1.0.0 (location: C:\tmp\KimodoUnityBridge-Verify-6000.5.7f1-20260810-140753\Library\PackageCache\com.unity.modules.imageconversion)
    com.unity.modules.imgui@1.0.0 (location: C:\tmp\KimodoUnityBridge-Verify-6000.5.7f1-20260810-140753\Library\PackageCache\com.unity.modules.imgui)
    com.unity.modules.jsonserialize@1.0.0 (location: C:\tmp\KimodoUnityBridge-Verify-6000.5.7f1-20260810-140753\Library\PackageCache\com.unity.modules.jsonserialize)
    com.unity.modules.particlesystem@1.0.0 (location: C:\tmp\KimodoUnityBridge-Verify-6000.5.7f1-20260810-140753\Library\PackageCache\com.unity.modules.particlesystem)
    com.unity.modules.physics@1.0.0 (location: C:\tmp\KimodoUnityBridge-Verify-6000.5.7f1-20260810-140753\Library\PackageCache\com.unity.modules.physics)
    com.unity.modules.physics2d@1.0.0 (location: C:\tmp\KimodoUnityBridge-Verify-6000.5.7f1-20260810-140753\Library\PackageCache\com.unity.modules.physics2d)
    com.unity.modules.physicscore2d@1.0.0 (location: C:\tmp\KimodoUnityBridge-Verify-6000.5.7f1-20260810-140753\Library\PackageCache\com.unity.modules.physicscore2d)
    com.unity.modules.screencapture@1.0.0 (location: C:\tmp\KimodoUnityBridge-Verify-6000.5.7f1-20260810-140753\Library\PackageCache\com.unity.modules.screencapture)
    com.unity.modules.terrain@1.0.0 (location: C:\tmp\KimodoUnityBridge-Verify-6000.5.7f1-20260810-140753\Library\PackageCache\com.unity.modules.terrain)
    com.unity.modules.terrainphysics@1.0.0 (location: C:\tmp\KimodoUnityBridge-Verify-6000.5.7f1-20260810-140753\Library\PackageCache\com.unity.modules.terrainphysics)
    com.unity.modules.tilemap@1.0.0 (location: C:\tmp\KimodoUnityBridge-Verify-6000.5.7f1-20260810-140753\Library\PackageCache\com.unity.modules.tilemap)
    com.unity.modules.ui@1.0.0 (location: C:\tmp\KimodoUnityBridge-Verify-6000.5.7f1-20260810-140753\Library\PackageCache\com.unity.modules.ui)
    com.unity.modules.uielements@1.0.0 (location: C:\tmp\KimodoUnityBridge-Verify-6000.5.7f1-20260810-140753\Library\PackageCache\com.unity.modules.uielements)
    com.unity.modules.umbra@1.0.0 (location: C:\tmp\KimodoUnityBridge-Verify-6000.5.7f1-20260810-140753\Library\PackageCache\com.unity.modules.umbra)
    com.unity.modules.unityanalytics@1.0.0 (location: C:\tmp\KimodoUnityBridge-Verify-6000.5.7f1-20260810-140753\Library\PackageCache\com.unity.modules.unityanalytics)
    com.unity.modules.unitywebrequest@1.0.0 (location: C:\tmp\KimodoUnityBridge-Verify-6000.5.7f1-20260810-140753\Library\PackageCache\com.unity.modules.unitywebrequest)
    com.unity.modules.unitywebrequestassetbundle@1.0.0 (location: C:\tmp\KimodoUnityBridge-Verify-6000.5.7f1-20260810-140753\Library\PackageCache\com.unity.modules.unitywebrequestassetbundle)
    com.unity.modules.unitywebrequestaudio@1.0.0 (location: C:\tmp\KimodoUnityBridge-Verify-6000.5.7f1-20260810-140753\Library\PackageCache\com.unity.modules.unitywebrequestaudio)
    com.unity.modules.unitywebrequesttexture@1.0.0 (location: C:\tmp\KimodoUnityBridge-Verify-6000.5.7f1-20260810-140753\Library\PackageCache\com.unity.modules.unitywebrequesttexture)
    com.unity.modules.unitywebrequestwww@1.0.0 (location: C:\tmp\KimodoUnityBridge-Verify-6000.5.7f1-20260810-140753\Library\PackageCache\com.unity.modules.unitywebrequestwww)
    com.unity.modules.vectorgraphics@1.0.0 (location: C:\tmp\KimodoUnityBridge-Verify-6000.5.7f1-20260810-140753\Library\PackageCache\com.unity.modules.vectorgraphics)
    com.unity.modules.vehicles@1.0.0 (location: C:\tmp\KimodoUnityBridge-Verify-6000.5.7f1-20260810-140753\Library\PackageCache\com.unity.modules.vehicles)
    com.unity.modules.video@1.0.0 (location: C:\tmp\KimodoUnityBridge-Verify-6000.5.7f1-20260810-140753\Library\PackageCache\com.unity.modules.video)
    com.unity.modules.wind@1.0.0 (location: C:\tmp\KimodoUnityBridge-Verify-6000.5.7f1-20260810-140753\Library\PackageCache\com.unity.modules.wind)
    com.unity.modules.xr@1.0.0 (location: C:\tmp\KimodoUnityBridge-Verify-6000.5.7f1-20260810-140753\Library\PackageCache\com.unity.modules.xr)
    com.unity.modules.subsystems@1.0.0 (location: C:\tmp\KimodoUnityBridge-Verify-6000.5.7f1-20260810-140753\Library\PackageCache\com.unity.modules.subsystems)
    com.unity.modules.hierarchycore@1.0.0 (location: C:\tmp\KimodoUnityBridge-Verify-6000.5.7f1-20260810-140753\Library\PackageCache\com.unity.modules.hierarchycore)
  Local packages:
    com.unity.kimodo_unity_motion_tools@file:C:\tmp\KimodoUnityBridge-workflow-unity65 (location: C:\tmp\KimodoUnityBridge-workflow-unity65)
[Subsystems] No new subsystems found in resolved package list.
[Package Manager] Done registering packages in 0.02 seconds
[ScriptCompilation] Requested script compilation because: AssetDatabase observed changes in script compilation related files
Starting: C:\Program Files\Unity 6000.5.7f1\Editor\Data\Tools\BuildPipeline\bee_backend.exe --ipc --defer-dag-verification --dagfile="Library/Bee/1900b0aEDbg.dag" --continue-on-failure --profile="Library/Bee/backend1.traceevents" ScriptAssemblies
WorkingDir: C:/tmp/KimodoUnityBridge-Verify-6000.5.7f1-20260810-140753
DisplayProgressbar: Compiling Scripts
Starting: C:\Program Files\Unity 6000.5.7f1\Editor\Data\netcorerun\netcorerun.exe "C:\Program Files\Unity 6000.5.7f1\Editor\Data\Tools\BuildPipeline\ScriptCompilationBuildProgram.exe" "Library/Bee/1900b0aEDbg.dag.json" "Library/Bee/1900b0aEDbg-inputdata.json" "Library\Bee\buildprogram0.traceevents"
WorkingDir: C:/tmp/KimodoUnityBridge-Verify-6000.5.7f1-20260810-140753
ExitCode: 4 Duration: 0s167ms
Rebuilding DAG because FileSignature timestamp changed: Library/Bee/1900b0aEDbg-inputdata.json
*** Tundra requires additional run (0.13 seconds), 0 items updated, 202 evaluated
ExitCode: 0 Duration: 0s279ms
Starting: C:\Program Files\Unity 6000.5.7f1\Editor\Data\Tools\BuildPipeline\bee_backend.exe --ipc --defer-dag-verification --dagfile="Library/Bee/1900b0aEDbg.dag" --continue-on-failure --dagfilejson="Library\Bee\1900b0aEDbg.dag.json" --profile="Library/Bee/backend2.traceevents" ScriptAssemblies
WorkingDir: C:/tmp/KimodoUnityBridge-Verify-6000.5.7f1-20260810-140753
ExitCode: 0 Duration: 1s663ms
Finished compiling graph: 214 nodes, 1561 flattened edges (1501 ToBuild, 14 ToUse), maximum node priority 51
[177/211    0s] WriteText Library/Bee/artifacts/1900b0aEDbg.dag/Assembly-CSharp-Editor.rsp2
[178/211    0s] WriteText Library/Bee/artifacts/1900b0aEDbg.dag/Assembly-CSharp-Editor.UnityAdditionalFile.txt
[179/211    0s] WriteText Library/Bee/artifacts/1900b0aEDbg.dag/Assembly-CSharp-Editor.dll.mvfrm.rsp
[180/211    0s] WriteText Library/Bee/artifacts/1900b0aEDbg.dag/Assembly-CSharp-Editor.rsp
[206/211    0s] MovedFromExtractor Library/Bee/artifacts/mvdfrm/Unity.Multiplayer.Center.Editor.ref.dll_9589F57E3523F991.mvfrm
[207/211    0s] MovedFromExtractor-Combine Library/Bee/artifacts/1900b0aEDbg.dag/Assembly-CSharp-Editor.dll.mvfrm
[208/211    1s] Csc Library/Bee/artifacts/1900b0aEDbg.dag/Assembly-CSharp-Editor.dll (+2 others)
[209/211    0s] CopyFiles Library/ScriptAssemblies/Assembly-CSharp-Editor.pdb
[210/211    0s] CopyFiles Library/ScriptAssemblies/Assembly-CSharp-Editor.dll
*** Tundra build success (1.63 seconds), 9 items updated, 211 evaluated
AssetDatabase: script compilation time: 2.562263s
Begin MonoManager ReloadAssembly
Importing 'GUID: 2a77f679c46e58f4aaa3ce48dd44961a - Path: Assets/Editor' with importer (DefaultImporter)
Imported 'GUID: 2a77f679c46e58f4aaa3ce48dd44961a' -> (Import Result ID: '0dcae76f5eb27e2a16a4fe5c4a7865c8') in 0.016 seconds [static dependencies only]. Details - ImportResultOutputID=063a950312609056f87450daaa1f4a83 DependenciesID=0de4a5cfb15f9a44e17430cb8e924226 StaticDependenciesID=0d71644d38dee6115a837f0db2373d04 
Native extension for WindowsStandalone target not found
ScheduleIndexationOnStartup MainProcess:True IndexOnStartup:True
Mono: successfully reloaded assembly
- Finished resetting the current domain, in  0.448 seconds
Domain Reload Profiling: 1269ms
	BeginReloadAssembly (488ms)
		DisableScriptedObjects (171ms)
		CreateAndSetChildDomain (159ms)
	RebuildCommonClasses (8ms)
	RebuildNativeTypeToScriptingClass (15ms)
	initialDomainReloadingComplete (73ms)
	LoadAllAssembliesAndSetupDomain (233ms)
		LoadAssemblies (208ms)
		AnalyzeDomain (36ms)
			TypeCache.Refresh (25ms)
				TypeCache.ScanAssembly (18ms)
			BuildScriptInfoCaches (9ms)
	FinalizeReload (451ms)
		SetupLoadedEditorAssemblies (0ms)
			BeforeProcessingInitializeOnLoad (97ms)
			ProcessInitializeOnLoadAttributes (79ms)
			ProcessInitializeOnLoadMethodAttributes (80ms)
			AfterProcessingInitializeOnLoad (16ms)
		AwakeInstancesAfterBackupRestoration (27ms)
Starting new worker id: 0 with log in C:/tmp/KimodoUnityBridge-Verify-6000.5.7f1-20260810-140753/Logs/AssetImportWorkerHW0.log

Asset Pipeline Refresh (id=c52475c68b2385c458b2f368eff08992): Total: 4.284 seconds - Initiated by InitialRefreshV2(ForceSynchronousImport)
	(Values over 0.05ms)
	Summary:
		Imports: total=1 (actual=1, local cache=0, cache server=0)
		Asset DB Process Time: managed=2 ms, native=692 ms
		Asset DB Callback time: managed=68 ms, native=24 ms
		Scripting: domain reloads=1, domain reload time=906 ms, compile time=2566 ms, other=22 ms
		Project Asset Count: scripts=239, non-scripts=269
		Asset File Changes: new=2, changed=2, moved=0, deleted=0
		Scan Filter Count: 0
	InvokePackagesCallback: 27.107ms
	ApplyChangesToAssetFolders: 0.775ms
	Scan: 95.119ms
	Collect global state as custom dependencies: 11.164ms
	OnSourceAssetsModified: 0.639ms
	CategorizeScriptCompilationAssets: 3.134ms
	ProcessAssetsWithTransientArtifactChanges: 8.489ms
	CategorizeAssets: 3.593ms
	CompileScripts: 2565.759ms
	ImportOutOfDateAssets: 489.354ms (456.382ms without children)
		ImportManagerImport: 19.529ms (3.239ms without children)
		UnloadImportedAssets: 0.246ms
		EnsureUptoDateAssetsAreRegisteredWithGuidPM: 0.094ms
		ImportSchedulerStart: 13.101ms
	PostProcessAllAssets: 69.058ms
		VCAutoAddAssetPostprocess 0.857ms
		VersionControlSettings.HiddenFilePostprocess 0.265ms
		MonoPostProcessAllAssets: 67.240ms
			AssetPostprocessor.OnPostprocessAllAssets 19.056ms
			StyleCatalogPostProcessor.OnPostprocessAllAssets 15.529ms
			WindowAssetPostprocessingWatcher.OnPostprocessAllAssets 7.486ms
			BuilderAssetPostprocessor.OnPostprocessAllAssets 5.607ms
			SyncVS.PostprocessSyncProject 2.164ms
			AssetChangedListener.OnPostprocessAllAssets 1.890ms
			RetainedModeAssetPostprocessor.OnPostprocessAllAssets 1.169ms
			EditModeScopePostprocessor.OnPostprocessAllAssets 1.030ms
			SpeedTree9Postprocessor.OnPostprocessAllAssets 0.742ms
			ArtifactBrowserPostProcessor.OnPostprocessAllAssets 0.647ms
			TextAssetPostProcessor.OnPostprocessAllAssets 0.623ms
			KimodoRetargetCacheInvalidationPostprocessor.OnPostprocessAllAssets 0.619ms
			AudioMixerPostprocessor.OnPostprocessAllAssets 0.286ms
			TerrainToolbarOverlayPostProcessor.OnPostprocessAllAssets 0.256ms
			AssetEvents.OnPostprocessAllAssets 0.241ms
			ConfigAssetsTracker.OnPostprocessAllAssets 0.222ms
			AssetDatabaseCallbacks.OnPostprocessAllAssets 0.182ms
			SamplePostprocessor.OnPostprocessAllAssets 0.167ms
			ReferencedClipsPostProcessor.OnPostprocessAllAssets 0.166ms
			SpeedTreePostProcessor.OnPostprocessAllAssets 0.163ms
			ScenarioDriftAssetsTracker.OnPostprocessAllAssets 0.145ms
			AudioContainerPostProcessor.OnPostprocessAllAssets 0.100ms
			RenderPipelineGlobalSettingsPostprocessor.OnPostprocessAllAssets 0.099ms
	PostAssetChangesProfiler: 1.470ms
	UnloadStreamsBegin: 1.440ms
	PersistCurrentRevisions: 0.073ms
	GenerateScriptTypeHashes: 0.371ms
	GenerateScriptTypeSerializationHashes: 0.761ms
	Untracked: 996.807ms

Application.AssetDatabase Initial Refresh End
Scanning for USB devices : 2.772ms
Initializing Unity extensions:
[MODES] ModeService[none].Initialize
[MODES] ModeService[none].LoadModes
[MODES] Loading mode Default (0) for mode-current-id-KimodoUnityBridge-Verify-6000.5.7f1-20260810-140753
Unloading 3 Unused Serialized files (Serialized files now loaded: 0)
Unloading 583 unused Assets / (0.7 MB). Loaded Objects now: 1218.
Memory consumption went from 201.3 MB to 200.7 MB.
Total: 6.070500 ms (FindLiveObjects: 0.112400 ms CreateObjectMapping: 0.111700 ms MarkObjects: 5.447100 ms  DeleteObjects: 0.395200 ms)

Batchmode quit successfully invoked - shutting down!
[Physics::Module] Cleanup current backend.
[Physics::Module] Id: 0xf2b8ea05
Input System module state changed to: ShutdownInProgress.
Input Polling Thread exited.
Input System module state changed to: Shutdown.
[Licensing::IpcConnector] LicenseClient-47694-notifications channel disconnected successfully.
[Licensing::IpcConnector] LicenseClient-47694 channel disconnected successfully.
AcceleratorClientConnectionCallback - disconnected - :0
Cleanup mono
CodeReloadManager destroyed
Exiting batchmode successfully now!
Exiting without the bug reporter. Application will terminate with return code 0