[STEP] Build env (single-thread)...
[INFO] setup mode: auto
[INFO] Selected uv default index: https://pypi.tuna.tsinghua.edu.cn/simple
[STEP] Ensuring uv-managed Python: cpython-3.12.13-windows-x86_64-none
cpython-3.12.13-windows-x86_64-none is already installed
[STEP] Creating/updating venv with uv...
Using CPython 3.12.13
Creating virtual environment at: kimodo\.venv
Activate with: kimodo\.venv\Scripts\activate
[STEP] Seeding build helpers in venv...
Using Python 3.12.13 environment at: kimodo\.venv
Resolved 4 packages in 328ms
Installed 4 packages in 432ms
 + packaging==26.3
 + pip==26.2.1
 + setuptools==84.0.0
 + wheel==0.47.0
[STEP] Installing local antlr4 runtime wheel...
Using Python 3.12.13 environment at: kimodo\.venv
Resolved 1 package in 1ms
Prepared 1 package in 26ms
Installed 1 package in 46ms
 + antlr4-python3-runtime==4.9.3
[STEP] Installing kimodo package with uv pip...
[STEP] Installing cu128 torch from official index (torch-backend cu128)...
Using Python 3.12.13 environment at: kimodo\.venv
Resolved 14 packages in 1.81s
Downloading numpy (11.9MiB)
 Downloaded numpy
Prepared 4 packages in 1.04s
Uninstalled 1 package in 212ms
Installed 14 packages in 12.73s
 + filelock==3.32.2
 + fsspec==2026.7.0
 + jinja2==3.1.6
 + markupsafe==3.0.3
 + mpmath==1.3.0
 + networkx==3.6.1
 + numpy==2.5.2
 + pillow==12.3.0
 - setuptools==84.0.0
 + setuptools==81.0.0
 + sympy==1.14.0
 + torch==2.11.0+cu128
 + torchaudio==2.11.0+cu128
 + torchvision==0.26.0+cu128
 + typing-extensions==4.16.0
Resolved 59 packages in 1.91s
Uninstalled 1 package in 472ms
Installed 45 packages in 5.31s
   Building kimodo @ file:///C:/tmp/KimodoUnityBridge-Verify-6000.5.7f1-20260810-140753/NvlabKimodoQuickServer~/kimodo
      Built kimodo @ file:///C:/tmp/KimodoUnityBridge-Verify-6000.5.7f1-20260810-140753/NvlabKimodoQuickServer~/kimodo
Prepared 2 packages without build isolation in 2.10s
Installed 2 packages in 22ms
 + accelerate==1.14.0
 + annotated-doc==0.0.5
 + annotated-types==0.8.0
 + anyio==4.14.2
 + bvhio==1.5.4
 + certifi==2026.7.22
 + charset-normalizer==3.4.9
 + click==8.4.2
 + colorama==0.4.6
 + einops==0.8.2
 + einx==0.4.3
 + flatbuffers==25.12.19
 + frozendict==2.4.7
 + h11==0.16.0
 + hf-xet==1.6.0
 + httpcore==1.0.9
 + httpx==0.28.1
 + huggingface-hub==1.27.0
 + hydra-core==1.3.5
 + idna==3.18
 + kimodo==1.0.0 (from file:///C:/tmp/KimodoUnityBridge-Verify-6000.5.7f1-20260810-140753/NvlabKimodoQuickServer~/kimodo)
 + markdown-it-py==4.2.0
 + mdurl==0.1.2
 + modelscope==1.37.1
 - numpy==2.5.2
 + numpy==1.26.4
 + omegaconf==2.3.1
 + peft==0.20.0
 + psutil==7.2.2
 + pydantic==2.13.4
 + pydantic-core==2.46.4
 + pyglm==2.8.2
 + pygments==2.20.0
 + pyyaml==6.0.3
 + regex==2026.7.19
 + requests==2.34.2
 + rich==15.0.0
 + safetensors==0.8.0
 + scipy==1.14.1
 + shellingham==1.5.4
 + spatial-transform==1.3.3
 + tokenizers==0.22.2
 + tqdm==4.70.0
 + transformers==5.8.1
 + typer==0.27.1
 + typing-inspection==0.4.2
 + urllib3==2.7.0
 + vector-quantize-pytorch==1.25.2
[INFO] torch already a CUDA build, skip cu128 reinstall.
[STEP] Installing triton-windows...
Using Python 3.12.13 environment at: kimodo\.venv
Resolved 1 package in 447ms
Installed 1 package in 237ms
 + triton-windows==3.7.1.post27
[STEP] Validating CUDA torch runtime...
torch=2.11.0+cu128
cuda=12.8
kernel_ok
[OK] CUDA torch runtime validated (kernel launch succeeded).
[STEP] Ensuring bitsandbytes for CUDA mode...
Using Python 3.12.13 environment at: kimodo\.venv
Resolved 13 packages in 2.53s
Installed 1 package in 97ms
 + bitsandbytes==0.49.2
[STEP] Validating bitsandbytes runtime...
bnb=0.49.2
linear4bit=Linear4bit
[STEP] Ensuring motion_correction...
[STEP] Installing MotionCorrection wheel motion_correction-1.0.0-cp312-cp312-win_amd64.whl...
Using Python 3.12.13 environment at: kimodo\.venv
Resolved 12 packages in 13ms
Prepared 1 package in 111ms
Installed 1 package in 15ms
 + motion-correction==1.0.0 (from file:///C:/tmp/KimodoUnityBridge-Verify-6000.5.7f1-20260810-140753/NvlabKimodoQuickServer~/wheels/motion_correction-1.0.0-cp312-cp312-win_amd64.whl)
[OK] MotionCorrection wheel is ready.
[OK] Build environment staged.
[OK] setup complete.
